Archive member included to satisfy reference by file (symbol)

/opt/avr8-gnu-toolchain-linux_x86_64/bin/../lib/gcc/avr/5.4.0/avr51/libgcc.a(_udivmodhi4.o)
                              lab6_code.o (__udivmodhi4)
/opt/avr8-gnu-toolchain-linux_x86_64/bin/../lib/gcc/avr/5.4.0/avr51/libgcc.a(_divmodhi4.o)
                              hd44780.o (__divmodhi4)
/opt/avr8-gnu-toolchain-linux_x86_64/bin/../lib/gcc/avr/5.4.0/avr51/libgcc.a(_divmodsi4.o)
                              hd44780.o (__divmodsi4)
/opt/avr8-gnu-toolchain-linux_x86_64/bin/../lib/gcc/avr/5.4.0/avr51/libgcc.a(_negsi2.o)
                              /opt/avr8-gnu-toolchain-linux_x86_64/bin/../lib/gcc/avr/5.4.0/avr51/libgcc.a(_divmodsi4.o) (__negsi2)
/opt/avr8-gnu-toolchain-linux_x86_64/bin/../lib/gcc/avr/5.4.0/avr51/libgcc.a(_exit.o)
                              /opt/avr8-gnu-toolchain-linux_x86_64/bin/../lib/gcc/avr/5.4.0/../../../../avr/lib/avr51/crtatmega128.o (exit)
/opt/avr8-gnu-toolchain-linux_x86_64/bin/../lib/gcc/avr/5.4.0/avr51/libgcc.a(_tablejump2.o)
                              twi_master.o (__tablejump2__)
/opt/avr8-gnu-toolchain-linux_x86_64/bin/../lib/gcc/avr/5.4.0/avr51/libgcc.a(_copy_data.o)
                              lab6_code.o (__do_copy_data)
/opt/avr8-gnu-toolchain-linux_x86_64/bin/../lib/gcc/avr/5.4.0/avr51/libgcc.a(_clear_bss.o)
                              lab6_code.o (__do_clear_bss)
/opt/avr8-gnu-toolchain-linux_x86_64/bin/../lib/gcc/avr/5.4.0/avr51/libgcc.a(_umulhisi3.o)
                              lab6_code.o (__umulhisi3)
/opt/avr8-gnu-toolchain-linux_x86_64/bin/../lib/gcc/avr/5.4.0/avr51/libgcc.a(_udivmodsi4.o)
                              /opt/avr8-gnu-toolchain-linux_x86_64/bin/../lib/gcc/avr/5.4.0/avr51/libgcc.a(_divmodsi4.o) (__udivmodsi4)
/opt/avr8-gnu-toolchain-linux_x86_64/bin/../lib/gcc/avr/5.4.0/../../../../avr/lib/avr51/libm.a(addsf3.o)
                              lab6_code.o (__addsf3)
/opt/avr8-gnu-toolchain-linux_x86_64/bin/../lib/gcc/avr/5.4.0/../../../../avr/lib/avr51/libm.a(addsf3x.o)
                              /opt/avr8-gnu-toolchain-linux_x86_64/bin/../lib/gcc/avr/5.4.0/../../../../avr/lib/avr51/libm.a(addsf3.o) (__addsf3x)
/opt/avr8-gnu-toolchain-linux_x86_64/bin/../lib/gcc/avr/5.4.0/../../../../avr/lib/avr51/libm.a(divsf3.o)
                              lab6_code.o (__divsf3)
/opt/avr8-gnu-toolchain-linux_x86_64/bin/../lib/gcc/avr/5.4.0/../../../../avr/lib/avr51/libm.a(divsf3x.o)
                              /opt/avr8-gnu-toolchain-linux_x86_64/bin/../lib/gcc/avr/5.4.0/../../../../avr/lib/avr51/libm.a(divsf3.o) (__divsf3x)
/opt/avr8-gnu-toolchain-linux_x86_64/bin/../lib/gcc/avr/5.4.0/../../../../avr/lib/avr51/libm.a(floatsisf.o)
                              lab6_code.o (__floatsisf)
/opt/avr8-gnu-toolchain-linux_x86_64/bin/../lib/gcc/avr/5.4.0/../../../../avr/lib/avr51/libm.a(fp_inf.o)
                              /opt/avr8-gnu-toolchain-linux_x86_64/bin/../lib/gcc/avr/5.4.0/../../../../avr/lib/avr51/libm.a(addsf3x.o) (__fp_inf)
/opt/avr8-gnu-toolchain-linux_x86_64/bin/../lib/gcc/avr/5.4.0/../../../../avr/lib/avr51/libm.a(fp_nan.o)
                              /opt/avr8-gnu-toolchain-linux_x86_64/bin/../lib/gcc/avr/5.4.0/../../../../avr/lib/avr51/libm.a(addsf3x.o) (__fp_nan)
/opt/avr8-gnu-toolchain-linux_x86_64/bin/../lib/gcc/avr/5.4.0/../../../../avr/lib/avr51/libm.a(fp_pscA.o)
                              /opt/avr8-gnu-toolchain-linux_x86_64/bin/../lib/gcc/avr/5.4.0/../../../../avr/lib/avr51/libm.a(addsf3x.o) (__fp_pscA)
/opt/avr8-gnu-toolchain-linux_x86_64/bin/../lib/gcc/avr/5.4.0/../../../../avr/lib/avr51/libm.a(fp_pscB.o)
                              /opt/avr8-gnu-toolchain-linux_x86_64/bin/../lib/gcc/avr/5.4.0/../../../../avr/lib/avr51/libm.a(addsf3x.o) (__fp_pscB)
/opt/avr8-gnu-toolchain-linux_x86_64/bin/../lib/gcc/avr/5.4.0/../../../../avr/lib/avr51/libm.a(fp_round.o)
                              /opt/avr8-gnu-toolchain-linux_x86_64/bin/../lib/gcc/avr/5.4.0/../../../../avr/lib/avr51/libm.a(addsf3.o) (__fp_round)
/opt/avr8-gnu-toolchain-linux_x86_64/bin/../lib/gcc/avr/5.4.0/../../../../avr/lib/avr51/libm.a(fp_split3.o)
                              /opt/avr8-gnu-toolchain-linux_x86_64/bin/../lib/gcc/avr/5.4.0/../../../../avr/lib/avr51/libm.a(addsf3x.o) (__fp_split3)
/opt/avr8-gnu-toolchain-linux_x86_64/bin/../lib/gcc/avr/5.4.0/../../../../avr/lib/avr51/libm.a(fp_zero.o)
                              /opt/avr8-gnu-toolchain-linux_x86_64/bin/../lib/gcc/avr/5.4.0/../../../../avr/lib/avr51/libm.a(addsf3x.o) (__fp_zero)
/opt/avr8-gnu-toolchain-linux_x86_64/bin/../lib/gcc/avr/5.4.0/../../../../avr/lib/avr51/libm.a(mulsf3.o)
                              lab6_code.o (__mulsf3)
/opt/avr8-gnu-toolchain-linux_x86_64/bin/../lib/gcc/avr/5.4.0/../../../../avr/lib/avr51/libm.a(mulsf3x.o)
                              /opt/avr8-gnu-toolchain-linux_x86_64/bin/../lib/gcc/avr/5.4.0/../../../../avr/lib/avr51/libm.a(mulsf3.o) (__mulsf3x)
/opt/avr8-gnu-toolchain-linux_x86_64/bin/../lib/gcc/avr/5.4.0/../../../../avr/lib/avr51/libc.a(dtostrf.o)
                              lab6_code.o (dtostrf)
/opt/avr8-gnu-toolchain-linux_x86_64/bin/../lib/gcc/avr/5.4.0/../../../../avr/lib/avr51/libc.a(strcpy.o)
                              lab6_code.o (strcpy)
/opt/avr8-gnu-toolchain-linux_x86_64/bin/../lib/gcc/avr/5.4.0/../../../../avr/lib/avr51/libc.a(itoa_ncheck.o)
                              si4734.o (__itoa_ncheck)
/opt/avr8-gnu-toolchain-linux_x86_64/bin/../lib/gcc/avr/5.4.0/../../../../avr/lib/avr51/libc.a(utoa_ncheck.o)
                              /opt/avr8-gnu-toolchain-linux_x86_64/bin/../lib/gcc/avr/5.4.0/../../../../avr/lib/avr51/libc.a(itoa_ncheck.o) (__utoa_common)
/opt/avr8-gnu-toolchain-linux_x86_64/bin/../lib/gcc/avr/5.4.0/../../../../avr/lib/avr51/libc.a(dtoa_prf.o)
                              /opt/avr8-gnu-toolchain-linux_x86_64/bin/../lib/gcc/avr/5.4.0/../../../../avr/lib/avr51/libc.a(dtostrf.o) (dtoa_prf)
/opt/avr8-gnu-toolchain-linux_x86_64/bin/../lib/gcc/avr/5.4.0/../../../../avr/lib/avr51/libc.a(ftoa_engine.o)
                              /opt/avr8-gnu-toolchain-linux_x86_64/bin/../lib/gcc/avr/5.4.0/../../../../avr/lib/avr51/libc.a(dtoa_prf.o) (__ftoa_engine)
/opt/avr8-gnu-toolchain-linux_x86_64/bin/../lib/gcc/avr/5.4.0/../../../../avr/lib/avr51/libc.a(strrev.o)
                              /opt/avr8-gnu-toolchain-linux_x86_64/bin/../lib/gcc/avr/5.4.0/../../../../avr/lib/avr51/libc.a(utoa_ncheck.o) (strrev)
/opt/avr8-gnu-toolchain-linux_x86_64/bin/../lib/gcc/avr/5.4.0/../../../../avr/lib/avr51/libatmega128.a(eerd_byte.o)
                              si4734.o (eeprom_read_byte)
/opt/avr8-gnu-toolchain-linux_x86_64/bin/../lib/gcc/avr/5.4.0/../../../../avr/lib/avr51/libatmega128.a(eerd_word.o)
                              si4734.o (eeprom_read_word)
/opt/avr8-gnu-toolchain-linux_x86_64/bin/../lib/gcc/avr/5.4.0/../../../../avr/lib/avr51/libatmega128.a(eewr_byte.o)
                              si4734.o (eeprom_write_byte)
/opt/avr8-gnu-toolchain-linux_x86_64/bin/../lib/gcc/avr/5.4.0/../../../../avr/lib/avr51/libatmega128.a(eewr_word.o)
                              si4734.o (eeprom_write_word)
/opt/avr8-gnu-toolchain-linux_x86_64/bin/../lib/gcc/avr/5.4.0/../../../../avr/lib/avr51/libatmega128.a(eerd_block.o)
                              /opt/avr8-gnu-toolchain-linux_x86_64/bin/../lib/gcc/avr/5.4.0/../../../../avr/lib/avr51/libatmega128.a(eerd_word.o) (eeprom_read_blraw)

Allocating common symbols
Common symbol       size              file

rcv_rdy             0x1               lab6_code.o
uart_tx_buf         0x28              uart_functions.o
lcd_string_array_C  0x10              lab6_code.o
twi_state           0x1               twi_master.o
decoder             0x8               lab6_code.o
dec_to_7seg         0xc               lab6_code.o
twi_buf             0x2               twi_master.o
uart1_tx_buf        0x28              uart_functions.o
lcd_string_array    0x20              hd44780.o
si4734_wr_buf       0x9               si4734.o
adc_result          0x2               lab6_code.o
lm73_wr_buf         0x2               lm73_functions.o
lcd_string_array_F  0x10              lab6_code.o
si4734_tune_status_buf
                    0x8               si4734.o
si4734_revision_buf
                    0x10              si4734.o
twi_bus_addr        0x1               twi_master.o
i                   0x1               lab6_code.o
lcd_str             0x10              hd44780.o
twi_msg_size        0x1               twi_master.o
uart1_rx_buf        0x28              uart_functions.o
STC_interrupt       0x1               si4734.o
lm73_rd_buf         0x2               lm73_functions.o
uart_rx_buf         0x28              uart_functions.o
lcd_whole_string_array
                    0x20              lab6_code.o
si4734_rd_buf       0xf               si4734.o
rx_char             0x1               lab6_code.o
segment_data        0x5               lab6_code.o

Memory Configuration

Name             Origin             Length             Attributes
text             0x0000000000000000 0x0000000000020000 xr
data             0x0000000000800100 0x0000000000001000 rw !x
eeprom           0x0000000000810000 0x0000000000001000 rw !x
fuse             0x0000000000820000 0x0000000000000003 rw !x
lock             0x0000000000830000 0x0000000000000400 rw !x
signature        0x0000000000840000 0x0000000000000400 rw !x
user_signatures  0x0000000000850000 0x0000000000000400 rw !x
*default*        0x0000000000000000 0xffffffffffffffff

Linker script and memory map

Address of section .data set to 0x800100
LOAD /opt/avr8-gnu-toolchain-linux_x86_64/bin/../lib/gcc/avr/5.4.0/../../../../avr/lib/avr51/crtatmega128.o
LOAD lab6_code.o
LOAD hd44780.o
LOAD lm73_functions.o
LOAD twi_master.o
LOAD uart_functions.o
LOAD si4734.o
START GROUP
LOAD /opt/avr8-gnu-toolchain-linux_x86_64/bin/../lib/gcc/avr/5.4.0/avr51/libgcc.a
LOAD /opt/avr8-gnu-toolchain-linux_x86_64/bin/../lib/gcc/avr/5.4.0/../../../../avr/lib/avr51/libm.a
LOAD /opt/avr8-gnu-toolchain-linux_x86_64/bin/../lib/gcc/avr/5.4.0/../../../../avr/lib/avr51/libc.a
LOAD /opt/avr8-gnu-toolchain-linux_x86_64/bin/../lib/gcc/avr/5.4.0/../../../../avr/lib/avr51/libatmega128.a
END GROUP
                0x0000000000000000                __TEXT_REGION_ORIGIN__ = DEFINED (__TEXT_REGION_ORIGIN__)?__TEXT_REGION_ORIGIN__:0x0
                [0x0000000000800100]                __DATA_REGION_ORIGIN__ = DEFINED (__DATA_REGION_ORIGIN__)?__DATA_REGION_ORIGIN__:0x800100
                [0x0000000000020000]                __TEXT_REGION_LENGTH__ = DEFINED (__TEXT_REGION_LENGTH__)?__TEXT_REGION_LENGTH__:0x20000
                [0x0000000000001000]                __DATA_REGION_LENGTH__ = DEFINED (__DATA_REGION_LENGTH__)?__DATA_REGION_LENGTH__:0xff00
                [0x0000000000001000]                __EEPROM_REGION_LENGTH__ = DEFINED (__EEPROM_REGION_LENGTH__)?__EEPROM_REGION_LENGTH__:0x10000
                [0x0000000000000003]                __FUSE_REGION_LENGTH__ = DEFINED (__FUSE_REGION_LENGTH__)?__FUSE_REGION_LENGTH__:0x400
                0x0000000000000400                __LOCK_REGION_LENGTH__ = DEFINED (__LOCK_REGION_LENGTH__)?__LOCK_REGION_LENGTH__:0x400
                0x0000000000000400                __SIGNATURE_REGION_LENGTH__ = DEFINED (__SIGNATURE_REGION_LENGTH__)?__SIGNATURE_REGION_LENGTH__:0x400
                0x0000000000000400                __USER_SIGNATURE_REGION_LENGTH__ = DEFINED (__USER_SIGNATURE_REGION_LENGTH__)?__USER_SIGNATURE_REGION_LENGTH__:0x400

.hash
 *(.hash)

.dynsym
 *(.dynsym)

.dynstr
 *(.dynstr)

.gnu.version
 *(.gnu.version)

.gnu.version_d
 *(.gnu.version_d)

.gnu.version_r
 *(.gnu.version_r)

.rel.init
 *(.rel.init)

.rela.init
 *(.rela.init)

.rel.text
 *(.rel.text)
 *(.rel.text.*)
 *(.rel.gnu.linkonce.t*)

.rela.text
 *(.rela.text)
 *(.rela.text.*)
 *(.rela.gnu.linkonce.t*)

.rel.fini
 *(.rel.fini)

.rela.fini
 *(.rela.fini)

.rel.rodata
 *(.rel.rodata)
 *(.rel.rodata.*)
 *(.rel.gnu.linkonce.r*)

.rela.rodata
 *(.rela.rodata)
 *(.rela.rodata.*)
 *(.rela.gnu.linkonce.r*)

.rel.data
 *(.rel.data)
 *(.rel.data.*)
 *(.rel.gnu.linkonce.d*)

.rela.data
 *(.rela.data)
 *(.rela.data.*)
 *(.rela.gnu.linkonce.d*)

.rel.ctors
 *(.rel.ctors)

.rela.ctors
 *(.rela.ctors)

.rel.dtors
 *(.rel.dtors)

.rela.dtors
 *(.rela.dtors)

.rel.got
 *(.rel.got)

.rela.got
 *(.rela.got)

.rel.bss
 *(.rel.bss)

.rela.bss
 *(.rela.bss)

.rel.plt
 *(.rel.plt)

.rela.plt
 *(.rela.plt)

.text           0x0000000000000000     0x29d2
 *(.vectors)
 .vectors       0x0000000000000000       0x8c /opt/avr8-gnu-toolchain-linux_x86_64/bin/../lib/gcc/avr/5.4.0/../../../../avr/lib/avr51/crtatmega128.o
                0x0000000000000000                __vectors
                0x0000000000000000                __vector_default
 *(.vectors)
 *(.progmem.gcc*)
 .progmem.gcc_sw_table
                0x000000000000008c       0xa2 twi_master.o
                0x000000000000012e                . = ALIGN (0x2)
                0x000000000000012e                __trampolines_start = .
 *(.trampolines)
 .trampolines   0x000000000000012e        0x0 linker stubs
 *(.trampolines*)
                0x000000000000012e                __trampolines_end = .
 *libprintf_flt.a:*(.progmem.data)
 *libc.a:*(.progmem.data)
 .progmem.data  0x000000000000012e       0xfa /opt/avr8-gnu-toolchain-linux_x86_64/bin/../lib/gcc/avr/5.4.0/../../../../avr/lib/avr51/libc.a(ftoa_engine.o)
 *(.progmem*)
                0x0000000000000228                . = ALIGN (0x2)
 *(.jumptables)
 *(.jumptables*)
 *(.lowtext)
 *(.lowtext*)
                0x0000000000000228                __ctors_start = .
 *(.ctors)
                0x0000000000000228                __ctors_end = .
                0x0000000000000228                __dtors_start = .
 *(.dtors)
                0x0000000000000228                __dtors_end = .
 SORT(*)(.ctors)
 SORT(*)(.dtors)
 *(.init0)
 .init0         0x0000000000000228        0x0 /opt/avr8-gnu-toolchain-linux_x86_64/bin/../lib/gcc/avr/5.4.0/../../../../avr/lib/avr51/crtatmega128.o
                0x0000000000000228                __init
 *(.init0)
 *(.init1)
 *(.init1)
 *(.init2)
 .init2         0x0000000000000228        0xc /opt/avr8-gnu-toolchain-linux_x86_64/bin/../lib/gcc/avr/5.4.0/../../../../avr/lib/avr51/crtatmega128.o
 *(.init2)
 *(.init3)
 *(.init3)
 *(.init4)
 .init4         0x0000000000000234       0x1a /opt/avr8-gnu-toolchain-linux_x86_64/bin/../lib/gcc/avr/5.4.0/avr51/libgcc.a(_copy_data.o)
                0x0000000000000234                __do_copy_data
 .init4         0x000000000000024e       0x10 /opt/avr8-gnu-toolchain-linux_x86_64/bin/../lib/gcc/avr/5.4.0/avr51/libgcc.a(_clear_bss.o)
                0x000000000000024e                __do_clear_bss
 *(.init4)
 *(.init5)
 *(.init5)
 *(.init6)
 *(.init6)
 *(.init7)
 *(.init7)
 *(.init8)
 *(.init8)
 *(.init9)
 .init9         0x000000000000025e        0x8 /opt/avr8-gnu-toolchain-linux_x86_64/bin/../lib/gcc/avr/5.4.0/../../../../avr/lib/avr51/crtatmega128.o
 *(.init9)
 *(.text)
 .text          0x0000000000000266        0x4 /opt/avr8-gnu-toolchain-linux_x86_64/bin/../lib/gcc/avr/5.4.0/../../../../avr/lib/avr51/crtatmega128.o
                0x0000000000000266                __vector_22
                0x0000000000000266                __vector_28
                0x0000000000000266                __vector_1
                0x0000000000000266                __vector_32
                0x0000000000000266                __vector_34
                0x0000000000000266                __vector_24
                0x0000000000000266                __bad_interrupt
                0x0000000000000266                __vector_6
                0x0000000000000266                __vector_31
                0x0000000000000266                __vector_3
                0x0000000000000266                __vector_23
                0x0000000000000266                __vector_30
                0x0000000000000266                __vector_25
                0x0000000000000266                __vector_11
                0x0000000000000266                __vector_13
                0x0000000000000266                __vector_17
                0x0000000000000266                __vector_19
                0x0000000000000266                __vector_7
                0x0000000000000266                __vector_27
                0x0000000000000266                __vector_5
                0x0000000000000266                __vector_4
                0x0000000000000266                __vector_9
                0x0000000000000266                __vector_2
                0x0000000000000266                __vector_21
                0x0000000000000266                __vector_15
                0x0000000000000266                __vector_29
                0x0000000000000266                __vector_8
                0x0000000000000266                __vector_26
                0x0000000000000266                __vector_14
                0x0000000000000266                __vector_10
                0x0000000000000266                __vector_20
 .text          0x000000000000026a      0x9e8 lab6_code.o
                0x000000000000026a                spi_init
                0x000000000000027a                tcnt0_init
                0x000000000000028e                tcnt1_init
                0x00000000000002b0                tcnt2_init
                0x00000000000002ba                tcnt3_init
                0x00000000000002ec                adc_init
                0x000000000000030e                adc_read
                0x0000000000000324                set_dec_to_7seg
                0x000000000000035a                set_decoder
                0x0000000000000376                chk_buttons
                0x00000000000003b4                segsum
                0x00000000000004c8                segclock
                0x0000000000000566                setDigit
                0x00000000000005cc                encoderRead
                0x000000000000066c                barGraph
                0x000000000000067e                alarmDisplay
                0x00000000000006e0                __vector_12
                0x000000000000070c                snoozekiller
                0x000000000000074e                buttonPress
                0x00000000000007f4                __vector_16
                0x0000000000000bfe                __vector_18
 .text          0x0000000000000c52      0x952 hd44780.o
                0x0000000000000c52                send_lcd
                0x0000000000000c7c                refresh_lcd
                0x0000000000000d1e                set_custom_character
                0x0000000000000d8a                set_cursor
                0x0000000000000db6                uint2lcd
                0x0000000000000e8a                int2lcd
                0x0000000000000ec2                cursor_on
                0x0000000000000ee6                cursor_off
                0x0000000000000f0a                shift_right
                0x0000000000000f2e                shift_left
                0x0000000000000f52                strobe_lcd
                0x0000000000000f64                clear_display
                0x0000000000000f94                cursor_home
                0x0000000000000fc4                line2_col1
                0x0000000000000fe8                line1_col1
                0x000000000000100c                fill_spaces
                0x0000000000001040                char2lcd
                0x0000000000001064                string2lcd
                0x00000000000010be                lcd_init
                0x0000000000001242                lcd_int32
                0x00000000000013ee                lcd_int16
 .text          0x00000000000015a4        0x2 lm73_functions.o
                0x00000000000015a4                lm73_temp_convert
 .text          0x00000000000015a6      0x17c twi_master.o
                0x00000000000015a6                __vector_33
                0x00000000000016c4                twi_busy
                0x00000000000016cc                twi_start_wr
                0x00000000000016ee                twi_start_rd
                0x0000000000001710                init_twi
 .text          0x0000000000001722       0xf6 uart_functions.o
                0x0000000000001722                uart_putc
                0x000000000000172e                uart1_putc
                0x0000000000001744                uart_puts
                0x0000000000001760                uart1_puts
                0x0000000000001786                uart_puts_p
                0x00000000000017ac                uart_init
                0x00000000000017c6                uart1_init
                0x00000000000017e6                uart_getc
                0x00000000000017fc                uart1_getc
 .text          0x0000000000001818      0x55a si4734.o
                0x0000000000001818                get_int_status
                0x0000000000001858                fm_tune_freq
                0x0000000000001890                am_tune_freq
                0x00000000000018cc                sw_tune_freq
                0x0000000000001906                radio_pwr_dwn
                0x000000000000197a                fm_rsq_status
                0x00000000000019bc                fm_tune_status
                0x00000000000019fe                am_tune_status
                0x0000000000001a36                am_rsq_status
                0x0000000000001a6e                set_property
                0x0000000000001a98                fm_pwr_up
                0x0000000000001aec                am_pwr_up
                0x0000000000001b40                sw_pwr_up
                0x0000000000001bac                get_rev
                0x0000000000001c3e                get_fm_rsq_status
 .text          0x0000000000001d72        0x0 /opt/avr8-gnu-toolchain-linux_x86_64/bin/../lib/gcc/avr/5.4.0/avr51/libgcc.a(_udivmodhi4.o)
 .text          0x0000000000001d72        0x0 /opt/avr8-gnu-toolchain-linux_x86_64/bin/../lib/gcc/avr/5.4.0/avr51/libgcc.a(_divmodhi4.o)
 .text          0x0000000000001d72        0x0 /opt/avr8-gnu-toolchain-linux_x86_64/bin/../lib/gcc/avr/5.4.0/avr51/libgcc.a(_divmodsi4.o)
 .text          0x0000000000001d72        0x0 /opt/avr8-gnu-toolchain-linux_x86_64/bin/../lib/gcc/avr/5.4.0/avr51/libgcc.a(_negsi2.o)
 .text          0x0000000000001d72        0x0 /opt/avr8-gnu-toolchain-linux_x86_64/bin/../lib/gcc/avr/5.4.0/avr51/libgcc.a(_exit.o)
 .text          0x0000000000001d72        0x0 /opt/avr8-gnu-toolchain-linux_x86_64/bin/../lib/gcc/avr/5.4.0/avr51/libgcc.a(_tablejump2.o)
 .text          0x0000000000001d72        0x0 /opt/avr8-gnu-toolchain-linux_x86_64/bin/../lib/gcc/avr/5.4.0/avr51/libgcc.a(_copy_data.o)
 .text          0x0000000000001d72        0x0 /opt/avr8-gnu-toolchain-linux_x86_64/bin/../lib/gcc/avr/5.4.0/avr51/libgcc.a(_clear_bss.o)
 .text          0x0000000000001d72        0x0 /opt/avr8-gnu-toolchain-linux_x86_64/bin/../lib/gcc/avr/5.4.0/avr51/libgcc.a(_umulhisi3.o)
 .text          0x0000000000001d72        0x0 /opt/avr8-gnu-toolchain-linux_x86_64/bin/../lib/gcc/avr/5.4.0/avr51/libgcc.a(_udivmodsi4.o)
 .text          0x0000000000001d72        0x0 /opt/avr8-gnu-toolchain-linux_x86_64/bin/../lib/gcc/avr/5.4.0/../../../../avr/lib/avr51/libm.a(addsf3.o)
 .text          0x0000000000001d72        0x0 /opt/avr8-gnu-toolchain-linux_x86_64/bin/../lib/gcc/avr/5.4.0/../../../../avr/lib/avr51/libm.a(addsf3x.o)
 .text          0x0000000000001d72        0x0 /opt/avr8-gnu-toolchain-linux_x86_64/bin/../lib/gcc/avr/5.4.0/../../../../avr/lib/avr51/libm.a(divsf3.o)
 .text          0x0000000000001d72        0x0 /opt/avr8-gnu-toolchain-linux_x86_64/bin/../lib/gcc/avr/5.4.0/../../../../avr/lib/avr51/libm.a(divsf3x.o)
 .text          0x0000000000001d72        0x0 /opt/avr8-gnu-toolchain-linux_x86_64/bin/../lib/gcc/avr/5.4.0/../../../../avr/lib/avr51/libm.a(floatsisf.o)
 .text          0x0000000000001d72        0x0 /opt/avr8-gnu-toolchain-linux_x86_64/bin/../lib/gcc/avr/5.4.0/../../../../avr/lib/avr51/libm.a(fp_inf.o)
 .text          0x0000000000001d72        0x0 /opt/avr8-gnu-toolchain-linux_x86_64/bin/../lib/gcc/avr/5.4.0/../../../../avr/lib/avr51/libm.a(fp_nan.o)
 .text          0x0000000000001d72        0x0 /opt/avr8-gnu-toolchain-linux_x86_64/bin/../lib/gcc/avr/5.4.0/../../../../avr/lib/avr51/libm.a(fp_pscA.o)
 .text          0x0000000000001d72        0x0 /opt/avr8-gnu-toolchain-linux_x86_64/bin/../lib/gcc/avr/5.4.0/../../../../avr/lib/avr51/libm.a(fp_pscB.o)
 .text          0x0000000000001d72        0x0 /opt/avr8-gnu-toolchain-linux_x86_64/bin/../lib/gcc/avr/5.4.0/../../../../avr/lib/avr51/libm.a(fp_round.o)
 .text          0x0000000000001d72        0x0 /opt/avr8-gnu-toolchain-linux_x86_64/bin/../lib/gcc/avr/5.4.0/../../../../avr/lib/avr51/libm.a(fp_split3.o)
 .text          0x0000000000001d72        0x0 /opt/avr8-gnu-toolchain-linux_x86_64/bin/../lib/gcc/avr/5.4.0/../../../../avr/lib/avr51/libm.a(fp_zero.o)
 .text          0x0000000000001d72        0x0 /opt/avr8-gnu-toolchain-linux_x86_64/bin/../lib/gcc/avr/5.4.0/../../../../avr/lib/avr51/libm.a(mulsf3.o)
 .text          0x0000000000001d72        0x0 /opt/avr8-gnu-toolchain-linux_x86_64/bin/../lib/gcc/avr/5.4.0/../../../../avr/lib/avr51/libm.a(mulsf3x.o)
 .text          0x0000000000001d72        0x0 /opt/avr8-gnu-toolchain-linux_x86_64/bin/../lib/gcc/avr/5.4.0/../../../../avr/lib/avr51/libc.a(dtostrf.o)
 .text          0x0000000000001d72        0x0 /opt/avr8-gnu-toolchain-linux_x86_64/bin/../lib/gcc/avr/5.4.0/../../../../avr/lib/avr51/libc.a(strcpy.o)
 .text          0x0000000000001d72        0x0 /opt/avr8-gnu-toolchain-linux_x86_64/bin/../lib/gcc/avr/5.4.0/../../../../avr/lib/avr51/libc.a(itoa_ncheck.o)
 .text          0x0000000000001d72        0x0 /opt/avr8-gnu-toolchain-linux_x86_64/bin/../lib/gcc/avr/5.4.0/../../../../avr/lib/avr51/libc.a(utoa_ncheck.o)
 .text          0x0000000000001d72        0x0 /opt/avr8-gnu-toolchain-linux_x86_64/bin/../lib/gcc/avr/5.4.0/../../../../avr/lib/avr51/libc.a(dtoa_prf.o)
 .text          0x0000000000001d72        0x0 /opt/avr8-gnu-toolchain-linux_x86_64/bin/../lib/gcc/avr/5.4.0/../../../../avr/lib/avr51/libc.a(ftoa_engine.o)
 .text          0x0000000000001d72        0x0 /opt/avr8-gnu-toolchain-linux_x86_64/bin/../lib/gcc/avr/5.4.0/../../../../avr/lib/avr51/libc.a(strrev.o)
 .text          0x0000000000001d72        0x0 /opt/avr8-gnu-toolchain-linux_x86_64/bin/../lib/gcc/avr/5.4.0/../../../../avr/lib/avr51/libatmega128.a(eerd_byte.o)
 .text          0x0000000000001d72        0x0 /opt/avr8-gnu-toolchain-linux_x86_64/bin/../lib/gcc/avr/5.4.0/../../../../avr/lib/avr51/libatmega128.a(eerd_word.o)
 .text          0x0000000000001d72        0x0 /opt/avr8-gnu-toolchain-linux_x86_64/bin/../lib/gcc/avr/5.4.0/../../../../avr/lib/avr51/libatmega128.a(eewr_byte.o)
 .text          0x0000000000001d72        0x0 /opt/avr8-gnu-toolchain-linux_x86_64/bin/../lib/gcc/avr/5.4.0/../../../../avr/lib/avr51/libatmega128.a(eewr_word.o)
 .text          0x0000000000001d72        0x0 /opt/avr8-gnu-toolchain-linux_x86_64/bin/../lib/gcc/avr/5.4.0/../../../../avr/lib/avr51/libatmega128.a(eerd_block.o)
                0x0000000000001d72                . = ALIGN (0x2)
 *(.text.*)
 .text.startup  0x0000000000001d72      0x1f0 lab6_code.o
                0x0000000000001d72                main
 .text.libgcc.mul
                0x0000000000001f62        0x0 /opt/avr8-gnu-toolchain-linux_x86_64/bin/../lib/gcc/avr/5.4.0/avr51/libgcc.a(_udivmodhi4.o)
 .text.libgcc.div
                0x0000000000001f62       0x28 /opt/avr8-gnu-toolchain-linux_x86_64/bin/../lib/gcc/avr/5.4.0/avr51/libgcc.a(_udivmodhi4.o)
                0x0000000000001f62                __udivmodhi4
 .text.libgcc   0x0000000000001f8a        0x0 /opt/avr8-gnu-toolchain-linux_x86_64/bin/../lib/gcc/avr/5.4.0/avr51/libgcc.a(_udivmodhi4.o)
 .text.libgcc.prologue
                0x0000000000001f8a        0x0 /opt/avr8-gnu-toolchain-linux_x86_64/bin/../lib/gcc/avr/5.4.0/avr51/libgcc.a(_udivmodhi4.o)
 .text.libgcc.builtins
                0x0000000000001f8a        0x0 /opt/avr8-gnu-toolchain-linux_x86_64/bin/../lib/gcc/avr/5.4.0/avr51/libgcc.a(_udivmodhi4.o)
 .text.libgcc.fmul
                0x0000000000001f8a        0x0 /opt/avr8-gnu-toolchain-linux_x86_64/bin/../lib/gcc/avr/5.4.0/avr51/libgcc.a(_udivmodhi4.o)
 .text.libgcc.fixed
                0x0000000000001f8a        0x0 /opt/avr8-gnu-toolchain-linux_x86_64/bin/../lib/gcc/avr/5.4.0/avr51/libgcc.a(_udivmodhi4.o)
 .text.libgcc.mul
                0x0000000000001f8a        0x0 /opt/avr8-gnu-toolchain-linux_x86_64/bin/../lib/gcc/avr/5.4.0/avr51/libgcc.a(_divmodhi4.o)
 .text.libgcc.div
                0x0000000000001f8a       0x28 /opt/avr8-gnu-toolchain-linux_x86_64/bin/../lib/gcc/avr/5.4.0/avr51/libgcc.a(_divmodhi4.o)
                0x0000000000001f8a                __divmodhi4
                0x0000000000001f8a                _div
 .text.libgcc   0x0000000000001fb2        0x0 /opt/avr8-gnu-toolchain-linux_x86_64/bin/../lib/gcc/avr/5.4.0/avr51/libgcc.a(_divmodhi4.o)
 .text.libgcc.prologue
                0x0000000000001fb2        0x0 /opt/avr8-gnu-toolchain-linux_x86_64/bin/../lib/gcc/avr/5.4.0/avr51/libgcc.a(_divmodhi4.o)
 .text.libgcc.builtins
                0x0000000000001fb2        0x0 /opt/avr8-gnu-toolchain-linux_x86_64/bin/../lib/gcc/avr/5.4.0/avr51/libgcc.a(_divmodhi4.o)
 .text.libgcc.fmul
                0x0000000000001fb2        0x0 /opt/avr8-gnu-toolchain-linux_x86_64/bin/../lib/gcc/avr/5.4.0/avr51/libgcc.a(_divmodhi4.o)
 .text.libgcc.fixed
                0x0000000000001fb2        0x0 /opt/avr8-gnu-toolchain-linux_x86_64/bin/../lib/gcc/avr/5.4.0/avr51/libgcc.a(_divmodhi4.o)
 .text.libgcc.mul
                0x0000000000001fb2        0x0 /opt/avr8-gnu-toolchain-linux_x86_64/bin/../lib/gcc/avr/5.4.0/avr51/libgcc.a(_divmodsi4.o)
 .text.libgcc.div
                0x0000000000001fb2       0x2e /opt/avr8-gnu-toolchain-linux_x86_64/bin/../lib/gcc/avr/5.4.0/avr51/libgcc.a(_divmodsi4.o)
                0x0000000000001fb2                __divmodsi4
 .text.libgcc   0x0000000000001fe0        0x0 /opt/avr8-gnu-toolchain-linux_x86_64/bin/../lib/gcc/avr/5.4.0/avr51/libgcc.a(_divmodsi4.o)
 .text.libgcc.prologue
                0x0000000000001fe0        0x0 /opt/avr8-gnu-toolchain-linux_x86_64/bin/../lib/gcc/avr/5.4.0/avr51/libgcc.a(_divmodsi4.o)
 .text.libgcc.builtins
                0x0000000000001fe0        0x0 /opt/avr8-gnu-toolchain-linux_x86_64/bin/../lib/gcc/avr/5.4.0/avr51/libgcc.a(_divmodsi4.o)
 .text.libgcc.fmul
                0x0000000000001fe0        0x0 /opt/avr8-gnu-toolchain-linux_x86_64/bin/../lib/gcc/avr/5.4.0/avr51/libgcc.a(_divmodsi4.o)
 .text.libgcc.fixed
                0x0000000000001fe0        0x0 /opt/avr8-gnu-toolchain-linux_x86_64/bin/../lib/gcc/avr/5.4.0/avr51/libgcc.a(_divmodsi4.o)
 .text.libgcc.mul
                0x0000000000001fe0        0x0 /opt/avr8-gnu-toolchain-linux_x86_64/bin/../lib/gcc/avr/5.4.0/avr51/libgcc.a(_negsi2.o)
 .text.libgcc.div
                0x0000000000001fe0       0x10 /opt/avr8-gnu-toolchain-linux_x86_64/bin/../lib/gcc/avr/5.4.0/avr51/libgcc.a(_negsi2.o)
                0x0000000000001fe0                __negsi2
 .text.libgcc   0x0000000000001ff0        0x0 /opt/avr8-gnu-toolchain-linux_x86_64/bin/../lib/gcc/avr/5.4.0/avr51/libgcc.a(_negsi2.o)
 .text.libgcc.prologue
                0x0000000000001ff0        0x0 /opt/avr8-gnu-toolchain-linux_x86_64/bin/../lib/gcc/avr/5.4.0/avr51/libgcc.a(_negsi2.o)
 .text.libgcc.builtins
                0x0000000000001ff0        0x0 /opt/avr8-gnu-toolchain-linux_x86_64/bin/../lib/gcc/avr/5.4.0/avr51/libgcc.a(_negsi2.o)
 .text.libgcc.fmul
                0x0000000000001ff0        0x0 /opt/avr8-gnu-toolchain-linux_x86_64/bin/../lib/gcc/avr/5.4.0/avr51/libgcc.a(_negsi2.o)
 .text.libgcc.fixed
                0x0000000000001ff0        0x0 /opt/avr8-gnu-toolchain-linux_x86_64/bin/../lib/gcc/avr/5.4.0/avr51/libgcc.a(_negsi2.o)
 .text.libgcc.mul
                0x0000000000001ff0        0x0 /opt/avr8-gnu-toolchain-linux_x86_64/bin/../lib/gcc/avr/5.4.0/avr51/libgcc.a(_exit.o)
 .text.libgcc.div
                0x0000000000001ff0        0x0 /opt/avr8-gnu-toolchain-linux_x86_64/bin/../lib/gcc/avr/5.4.0/avr51/libgcc.a(_exit.o)
 .text.libgcc   0x0000000000001ff0        0x0 /opt/avr8-gnu-toolchain-linux_x86_64/bin/../lib/gcc/avr/5.4.0/avr51/libgcc.a(_exit.o)
 .text.libgcc.prologue
                0x0000000000001ff0        0x0 /opt/avr8-gnu-toolchain-linux_x86_64/bin/../lib/gcc/avr/5.4.0/avr51/libgcc.a(_exit.o)
 .text.libgcc.builtins
                0x0000000000001ff0        0x0 /opt/avr8-gnu-toolchain-linux_x86_64/bin/../lib/gcc/avr/5.4.0/avr51/libgcc.a(_exit.o)
 .text.libgcc.fmul
                0x0000000000001ff0        0x0 /opt/avr8-gnu-toolchain-linux_x86_64/bin/../lib/gcc/avr/5.4.0/avr51/libgcc.a(_exit.o)
 .text.libgcc.fixed
                0x0000000000001ff0        0x0 /opt/avr8-gnu-toolchain-linux_x86_64/bin/../lib/gcc/avr/5.4.0/avr51/libgcc.a(_exit.o)
 .text.libgcc.mul
                0x0000000000001ff0        0x0 /opt/avr8-gnu-toolchain-linux_x86_64/bin/../lib/gcc/avr/5.4.0/avr51/libgcc.a(_tablejump2.o)
 .text.libgcc.div
                0x0000000000001ff0        0x0 /opt/avr8-gnu-toolchain-linux_x86_64/bin/../lib/gcc/avr/5.4.0/avr51/libgcc.a(_tablejump2.o)
 .text.libgcc   0x0000000000001ff0       0x12 /opt/avr8-gnu-toolchain-linux_x86_64/bin/../lib/gcc/avr/5.4.0/avr51/libgcc.a(_tablejump2.o)
                0x0000000000001ff0                __tablejump2__
 .text.libgcc.prologue
                0x0000000000002002        0x0 /opt/avr8-gnu-toolchain-linux_x86_64/bin/../lib/gcc/avr/5.4.0/avr51/libgcc.a(_tablejump2.o)
 .text.libgcc.builtins
                0x0000000000002002        0x0 /opt/avr8-gnu-toolchain-linux_x86_64/bin/../lib/gcc/avr/5.4.0/avr51/libgcc.a(_tablejump2.o)
 .text.libgcc.fmul
                0x0000000000002002        0x0 /opt/avr8-gnu-toolchain-linux_x86_64/bin/../lib/gcc/avr/5.4.0/avr51/libgcc.a(_tablejump2.o)
 .text.libgcc.fixed
                0x0000000000002002        0x0 /opt/avr8-gnu-toolchain-linux_x86_64/bin/../lib/gcc/avr/5.4.0/avr51/libgcc.a(_tablejump2.o)
 .text.libgcc.mul
                0x0000000000002002        0x0 /opt/avr8-gnu-toolchain-linux_x86_64/bin/../lib/gcc/avr/5.4.0/avr51/libgcc.a(_copy_data.o)
 .text.libgcc.div
                0x0000000000002002        0x0 /opt/avr8-gnu-toolchain-linux_x86_64/bin/../lib/gcc/avr/5.4.0/avr51/libgcc.a(_copy_data.o)
 .text.libgcc   0x0000000000002002        0x0 /opt/avr8-gnu-toolchain-linux_x86_64/bin/../lib/gcc/avr/5.4.0/avr51/libgcc.a(_copy_data.o)
 .text.libgcc.prologue
                0x0000000000002002        0x0 /opt/avr8-gnu-toolchain-linux_x86_64/bin/../lib/gcc/avr/5.4.0/avr51/libgcc.a(_copy_data.o)
 .text.libgcc.builtins
                0x0000000000002002        0x0 /opt/avr8-gnu-toolchain-linux_x86_64/bin/../lib/gcc/avr/5.4.0/avr51/libgcc.a(_copy_data.o)
 .text.libgcc.fmul
                0x0000000000002002        0x0 /opt/avr8-gnu-toolchain-linux_x86_64/bin/../lib/gcc/avr/5.4.0/avr51/libgcc.a(_copy_data.o)
 .text.libgcc.fixed
                0x0000000000002002        0x0 /opt/avr8-gnu-toolchain-linux_x86_64/bin/../lib/gcc/avr/5.4.0/avr51/libgcc.a(_copy_data.o)
 .text.libgcc.mul
                0x0000000000002002        0x0 /opt/avr8-gnu-toolchain-linux_x86_64/bin/../lib/gcc/avr/5.4.0/avr51/libgcc.a(_clear_bss.o)
 .text.libgcc.div
                0x0000000000002002        0x0 /opt/avr8-gnu-toolchain-linux_x86_64/bin/../lib/gcc/avr/5.4.0/avr51/libgcc.a(_clear_bss.o)
 .text.libgcc   0x0000000000002002        0x0 /opt/avr8-gnu-toolchain-linux_x86_64/bin/../lib/gcc/avr/5.4.0/avr51/libgcc.a(_clear_bss.o)
 .text.libgcc.prologue
                0x0000000000002002        0x0 /opt/avr8-gnu-toolchain-linux_x86_64/bin/../lib/gcc/avr/5.4.0/avr51/libgcc.a(_clear_bss.o)
 .text.libgcc.builtins
                0x0000000000002002        0x0 /opt/avr8-gnu-toolchain-linux_x86_64/bin/../lib/gcc/avr/5.4.0/avr51/libgcc.a(_clear_bss.o)
 .text.libgcc.fmul
                0x0000000000002002        0x0 /opt/avr8-gnu-toolchain-linux_x86_64/bin/../lib/gcc/avr/5.4.0/avr51/libgcc.a(_clear_bss.o)
 .text.libgcc.fixed
                0x0000000000002002        0x0 /opt/avr8-gnu-toolchain-linux_x86_64/bin/../lib/gcc/avr/5.4.0/avr51/libgcc.a(_clear_bss.o)
 .text.libgcc.mul
                0x0000000000002002       0x1e /opt/avr8-gnu-toolchain-linux_x86_64/bin/../lib/gcc/avr/5.4.0/avr51/libgcc.a(_umulhisi3.o)
                0x0000000000002002                __umulhisi3
 .text.libgcc.div
                0x0000000000002020        0x0 /opt/avr8-gnu-toolchain-linux_x86_64/bin/../lib/gcc/avr/5.4.0/avr51/libgcc.a(_umulhisi3.o)
 .text.libgcc   0x0000000000002020        0x0 /opt/avr8-gnu-toolchain-linux_x86_64/bin/../lib/gcc/avr/5.4.0/avr51/libgcc.a(_umulhisi3.o)
 .text.libgcc.prologue
                0x0000000000002020        0x0 /opt/avr8-gnu-toolchain-linux_x86_64/bin/../lib/gcc/avr/5.4.0/avr51/libgcc.a(_umulhisi3.o)
 .text.libgcc.builtins
                0x0000000000002020        0x0 /opt/avr8-gnu-toolchain-linux_x86_64/bin/../lib/gcc/avr/5.4.0/avr51/libgcc.a(_umulhisi3.o)
 .text.libgcc.fmul
                0x0000000000002020        0x0 /opt/avr8-gnu-toolchain-linux_x86_64/bin/../lib/gcc/avr/5.4.0/avr51/libgcc.a(_umulhisi3.o)
 .text.libgcc.fixed
                0x0000000000002020        0x0 /opt/avr8-gnu-toolchain-linux_x86_64/bin/../lib/gcc/avr/5.4.0/avr51/libgcc.a(_umulhisi3.o)
 .text.libgcc.mul
                0x0000000000002020        0x0 /opt/avr8-gnu-toolchain-linux_x86_64/bin/../lib/gcc/avr/5.4.0/avr51/libgcc.a(_udivmodsi4.o)
 .text.libgcc.div
                0x0000000000002020       0x44 /opt/avr8-gnu-toolchain-linux_x86_64/bin/../lib/gcc/avr/5.4.0/avr51/libgcc.a(_udivmodsi4.o)
                0x0000000000002020                __udivmodsi4
 .text.libgcc   0x0000000000002064        0x0 /opt/avr8-gnu-toolchain-linux_x86_64/bin/../lib/gcc/avr/5.4.0/avr51/libgcc.a(_udivmodsi4.o)
 .text.libgcc.prologue
                0x0000000000002064        0x0 /opt/avr8-gnu-toolchain-linux_x86_64/bin/../lib/gcc/avr/5.4.0/avr51/libgcc.a(_udivmodsi4.o)
 .text.libgcc.builtins
                0x0000000000002064        0x0 /opt/avr8-gnu-toolchain-linux_x86_64/bin/../lib/gcc/avr/5.4.0/avr51/libgcc.a(_udivmodsi4.o)
 .text.libgcc.fmul
                0x0000000000002064        0x0 /opt/avr8-gnu-toolchain-linux_x86_64/bin/../lib/gcc/avr/5.4.0/avr51/libgcc.a(_udivmodsi4.o)
 .text.libgcc.fixed
                0x0000000000002064        0x0 /opt/avr8-gnu-toolchain-linux_x86_64/bin/../lib/gcc/avr/5.4.0/avr51/libgcc.a(_udivmodsi4.o)
 .text.avr-libc.fplib
                0x0000000000002064        0xe /opt/avr8-gnu-toolchain-linux_x86_64/bin/../lib/gcc/avr/5.4.0/../../../../avr/lib/avr51/libm.a(addsf3.o)
                0x0000000000002064                __subsf3
                0x0000000000002066                __addsf3
 .text.avr-libc.fplib
                0x0000000000002072       0xcc /opt/avr8-gnu-toolchain-linux_x86_64/bin/../lib/gcc/avr/5.4.0/../../../../avr/lib/avr51/libm.a(addsf3x.o)
                0x0000000000002094                __addsf3x
 .text.avr-libc.fplib
                0x000000000000213e        0x8 /opt/avr8-gnu-toolchain-linux_x86_64/bin/../lib/gcc/avr/5.4.0/../../../../avr/lib/avr51/libm.a(divsf3.o)
                0x000000000000213e                __divsf3
 .text.avr-libc.fplib
                0x0000000000002146       0xdc /opt/avr8-gnu-toolchain-linux_x86_64/bin/../lib/gcc/avr/5.4.0/../../../../avr/lib/avr51/libm.a(divsf3x.o)
                0x0000000000002166                __divsf3x
                0x000000000000216c                __divsf3_pse
 .text.avr-libc.fplib
                0x0000000000002222       0x7a /opt/avr8-gnu-toolchain-linux_x86_64/bin/../lib/gcc/avr/5.4.0/../../../../avr/lib/avr51/libm.a(floatsisf.o)
                0x0000000000002222                __floatunsisf
                0x0000000000002226                __floatsisf
 .text.avr-libc.fplib
                0x000000000000229c        0xc /opt/avr8-gnu-toolchain-linux_x86_64/bin/../lib/gcc/avr/5.4.0/../../../../avr/lib/avr51/libm.a(fp_inf.o)
                0x000000000000229c                __fp_inf
 .text.avr-libc.fplib
                0x00000000000022a8        0x6 /opt/avr8-gnu-toolchain-linux_x86_64/bin/../lib/gcc/avr/5.4.0/../../../../avr/lib/avr51/libm.a(fp_nan.o)
                0x00000000000022a8                __fp_nan
 .text.avr-libc.fplib
                0x00000000000022ae        0xe /opt/avr8-gnu-toolchain-linux_x86_64/bin/../lib/gcc/avr/5.4.0/../../../../avr/lib/avr51/libm.a(fp_pscA.o)
                0x00000000000022ae                __fp_pscA
 .text.avr-libc.fplib
                0x00000000000022bc        0xe /opt/avr8-gnu-toolchain-linux_x86_64/bin/../lib/gcc/avr/5.4.0/../../../../avr/lib/avr51/libm.a(fp_pscB.o)
                0x00000000000022bc                __fp_pscB
 .text.avr-libc.fplib
                0x00000000000022ca       0x22 /opt/avr8-gnu-toolchain-linux_x86_64/bin/../lib/gcc/avr/5.4.0/../../../../avr/lib/avr51/libm.a(fp_round.o)
                0x00000000000022ca                __fp_round
 .text.avr-libc.fplib
                0x00000000000022ec       0x44 /opt/avr8-gnu-toolchain-linux_x86_64/bin/../lib/gcc/avr/5.4.0/../../../../avr/lib/avr51/libm.a(fp_split3.o)
                0x00000000000022ec                __fp_split3
                0x00000000000022fc                __fp_splitA
 .text.avr-libc.fplib
                0x0000000000002330        0xe /opt/avr8-gnu-toolchain-linux_x86_64/bin/../lib/gcc/avr/5.4.0/../../../../avr/lib/avr51/libm.a(fp_zero.o)
                0x0000000000002330                __fp_zero
                0x0000000000002332                __fp_szero
 .text.avr-libc.fplib
                0x000000000000233e        0x8 /opt/avr8-gnu-toolchain-linux_x86_64/bin/../lib/gcc/avr/5.4.0/../../../../avr/lib/avr51/libm.a(mulsf3.o)
                0x000000000000233e                __mulsf3
 .text.avr-libc.fplib
                0x0000000000002346       0xd2 /opt/avr8-gnu-toolchain-linux_x86_64/bin/../lib/gcc/avr/5.4.0/../../../../avr/lib/avr51/libm.a(mulsf3x.o)
                0x0000000000002364                __mulsf3x
                0x000000000000236a                __mulsf3_pse
 .text.avr-libc
                0x0000000000002418       0x40 /opt/avr8-gnu-toolchain-linux_x86_64/bin/../lib/gcc/avr/5.4.0/../../../../avr/lib/avr51/libc.a(dtostrf.o)
                0x0000000000002418                dtostrf
 .text.avr-libc
                0x0000000000002458        0xe /opt/avr8-gnu-toolchain-linux_x86_64/bin/../lib/gcc/avr/5.4.0/../../../../avr/lib/avr51/libc.a(strcpy.o)
                0x0000000000002458                strcpy
 .text.avr-libc
                0x0000000000002466       0x16 /opt/avr8-gnu-toolchain-linux_x86_64/bin/../lib/gcc/avr/5.4.0/../../../../avr/lib/avr51/libc.a(itoa_ncheck.o)
                0x0000000000002466                __itoa_ncheck
 .text.avr-libc
                0x000000000000247c       0x34 /opt/avr8-gnu-toolchain-linux_x86_64/bin/../lib/gcc/avr/5.4.0/../../../../avr/lib/avr51/libc.a(utoa_ncheck.o)
                0x000000000000247c                __utoa_ncheck
                0x000000000000247e                __utoa_common
 .text.avr-libc
                0x00000000000024b0      0x2ee /opt/avr8-gnu-toolchain-linux_x86_64/bin/../lib/gcc/avr/5.4.0/../../../../avr/lib/avr51/libc.a(dtoa_prf.o)
                0x00000000000024b0                dtoa_prf
 .text.avr-libc
                0x000000000000279e      0x1b0 /opt/avr8-gnu-toolchain-linux_x86_64/bin/../lib/gcc/avr/5.4.0/../../../../avr/lib/avr51/libc.a(ftoa_engine.o)
                0x000000000000279e                __ftoa_engine
 .text.avr-libc
                0x000000000000294e       0x20 /opt/avr8-gnu-toolchain-linux_x86_64/bin/../lib/gcc/avr/5.4.0/../../../../avr/lib/avr51/libc.a(strrev.o)
                0x000000000000294e                strrev
 .text.avr-libc
                0x000000000000296e       0x10 /opt/avr8-gnu-toolchain-linux_x86_64/bin/../lib/gcc/avr/5.4.0/../../../../avr/lib/avr51/libatmega128.a(eerd_byte.o)
                0x000000000000296e                eeprom_read_byte
 .text.avr-libc
                0x000000000000297e        0xc /opt/avr8-gnu-toolchain-linux_x86_64/bin/../lib/gcc/avr/5.4.0/../../../../avr/lib/avr51/libatmega128.a(eerd_word.o)
                0x000000000000297e                eeprom_read_word
 .text.avr-libc
                0x000000000000298a       0x1a /opt/avr8-gnu-toolchain-linux_x86_64/bin/../lib/gcc/avr/5.4.0/../../../../avr/lib/avr51/libatmega128.a(eewr_byte.o)
                0x000000000000298a                eeprom_write_byte
                0x000000000000298c                eeprom_write_r18
 .text.avr-libc
                0x00000000000029a4        0xa /opt/avr8-gnu-toolchain-linux_x86_64/bin/../lib/gcc/avr/5.4.0/../../../../avr/lib/avr51/libatmega128.a(eewr_word.o)
                0x00000000000029a4                eeprom_write_word
 .text.avr-libc
                0x00000000000029ae       0x20 /opt/avr8-gnu-toolchain-linux_x86_64/bin/../lib/gcc/avr/5.4.0/../../../../avr/lib/avr51/libatmega128.a(eerd_block.o)
                0x00000000000029ae                eeprom_read_block
                0x00000000000029b2                eeprom_read_blraw
                0x00000000000029ce                . = ALIGN (0x2)
 *(.fini9)
 .fini9         0x00000000000029ce        0x0 /opt/avr8-gnu-toolchain-linux_x86_64/bin/../lib/gcc/avr/5.4.0/avr51/libgcc.a(_exit.o)
                0x00000000000029ce                exit
                0x00000000000029ce                _exit
 *(.fini9)
 *(.fini8)
 *(.fini8)
 *(.fini7)
 *(.fini7)
 *(.fini6)
 *(.fini6)
 *(.fini5)
 *(.fini5)
 *(.fini4)
 *(.fini4)
 *(.fini3)
 *(.fini3)
 *(.fini2)
 *(.fini2)
 *(.fini1)
 *(.fini1)
 *(.fini0)
 .fini0         0x00000000000029ce        0x4 /opt/avr8-gnu-toolchain-linux_x86_64/bin/../lib/gcc/avr/5.4.0/avr51/libgcc.a(_exit.o)
 *(.fini0)
                0x00000000000029d2                _etext = .

.data           0x0000000000800100      0x124 load address 0x00000000000029d2
                0x0000000000800100                PROVIDE (__data_start, .)
 *(.data)
 .data          0x0000000000800100        0x0 /opt/avr8-gnu-toolchain-linux_x86_64/bin/../lib/gcc/avr/5.4.0/../../../../avr/lib/avr51/crtatmega128.o
 .data          0x0000000000800100        0x4 lab6_code.o
 .data          0x0000000000800104        0x0 hd44780.o
 .data          0x0000000000800104        0x0 lm73_functions.o
 .data          0x0000000000800104        0x0 twi_master.o
 .data          0x0000000000800104        0x0 uart_functions.o
 .data          0x0000000000800104        0x0 si4734.o
 .data          0x0000000000800104        0x0 /opt/avr8-gnu-toolchain-linux_x86_64/bin/../lib/gcc/avr/5.4.0/avr51/libgcc.a(_udivmodhi4.o)
 .data          0x0000000000800104        0x0 /opt/avr8-gnu-toolchain-linux_x86_64/bin/../lib/gcc/avr/5.4.0/avr51/libgcc.a(_divmodhi4.o)
 .data          0x0000000000800104        0x0 /opt/avr8-gnu-toolchain-linux_x86_64/bin/../lib/gcc/avr/5.4.0/avr51/libgcc.a(_divmodsi4.o)
 .data          0x0000000000800104        0x0 /opt/avr8-gnu-toolchain-linux_x86_64/bin/../lib/gcc/avr/5.4.0/avr51/libgcc.a(_negsi2.o)
 .data          0x0000000000800104        0x0 /opt/avr8-gnu-toolchain-linux_x86_64/bin/../lib/gcc/avr/5.4.0/avr51/libgcc.a(_exit.o)
 .data          0x0000000000800104        0x0 /opt/avr8-gnu-toolchain-linux_x86_64/bin/../lib/gcc/avr/5.4.0/avr51/libgcc.a(_tablejump2.o)
 .data          0x0000000000800104        0x0 /opt/avr8-gnu-toolchain-linux_x86_64/bin/../lib/gcc/avr/5.4.0/avr51/libgcc.a(_copy_data.o)
 .data          0x0000000000800104        0x0 /opt/avr8-gnu-toolchain-linux_x86_64/bin/../lib/gcc/avr/5.4.0/avr51/libgcc.a(_clear_bss.o)
 .data          0x0000000000800104        0x0 /opt/avr8-gnu-toolchain-linux_x86_64/bin/../lib/gcc/avr/5.4.0/avr51/libgcc.a(_umulhisi3.o)
 .data          0x0000000000800104        0x0 /opt/avr8-gnu-toolchain-linux_x86_64/bin/../lib/gcc/avr/5.4.0/avr51/libgcc.a(_udivmodsi4.o)
 .data          0x0000000000800104        0x0 /opt/avr8-gnu-toolchain-linux_x86_64/bin/../lib/gcc/avr/5.4.0/../../../../avr/lib/avr51/libm.a(addsf3.o)
 .data          0x0000000000800104        0x0 /opt/avr8-gnu-toolchain-linux_x86_64/bin/../lib/gcc/avr/5.4.0/../../../../avr/lib/avr51/libm.a(addsf3x.o)
 .data          0x0000000000800104        0x0 /opt/avr8-gnu-toolchain-linux_x86_64/bin/../lib/gcc/avr/5.4.0/../../../../avr/lib/avr51/libm.a(divsf3.o)
 .data          0x0000000000800104        0x0 /opt/avr8-gnu-toolchain-linux_x86_64/bin/../lib/gcc/avr/5.4.0/../../../../avr/lib/avr51/libm.a(divsf3x.o)
 .data          0x0000000000800104        0x0 /opt/avr8-gnu-toolchain-linux_x86_64/bin/../lib/gcc/avr/5.4.0/../../../../avr/lib/avr51/libm.a(floatsisf.o)
 .data          0x0000000000800104        0x0 /opt/avr8-gnu-toolchain-linux_x86_64/bin/../lib/gcc/avr/5.4.0/../../../../avr/lib/avr51/libm.a(fp_inf.o)
 .data          0x0000000000800104        0x0 /opt/avr8-gnu-toolchain-linux_x86_64/bin/../lib/gcc/avr/5.4.0/../../../../avr/lib/avr51/libm.a(fp_nan.o)
 .data          0x0000000000800104        0x0 /opt/avr8-gnu-toolchain-linux_x86_64/bin/../lib/gcc/avr/5.4.0/../../../../avr/lib/avr51/libm.a(fp_pscA.o)
 .data          0x0000000000800104        0x0 /opt/avr8-gnu-toolchain-linux_x86_64/bin/../lib/gcc/avr/5.4.0/../../../../avr/lib/avr51/libm.a(fp_pscB.o)
 .data          0x0000000000800104        0x0 /opt/avr8-gnu-toolchain-linux_x86_64/bin/../lib/gcc/avr/5.4.0/../../../../avr/lib/avr51/libm.a(fp_round.o)
 .data          0x0000000000800104        0x0 /opt/avr8-gnu-toolchain-linux_x86_64/bin/../lib/gcc/avr/5.4.0/../../../../avr/lib/avr51/libm.a(fp_split3.o)
 .data          0x0000000000800104        0x0 /opt/avr8-gnu-toolchain-linux_x86_64/bin/../lib/gcc/avr/5.4.0/../../../../avr/lib/avr51/libm.a(fp_zero.o)
 .data          0x0000000000800104        0x0 /opt/avr8-gnu-toolchain-linux_x86_64/bin/../lib/gcc/avr/5.4.0/../../../../avr/lib/avr51/libm.a(mulsf3.o)
 .data          0x0000000000800104        0x0 /opt/avr8-gnu-toolchain-linux_x86_64/bin/../lib/gcc/avr/5.4.0/../../../../avr/lib/avr51/libm.a(mulsf3x.o)
 .data          0x0000000000800104        0x0 /opt/avr8-gnu-toolchain-linux_x86_64/bin/../lib/gcc/avr/5.4.0/../../../../avr/lib/avr51/libc.a(dtostrf.o)
 .data          0x0000000000800104        0x0 /opt/avr8-gnu-toolchain-linux_x86_64/bin/../lib/gcc/avr/5.4.0/../../../../avr/lib/avr51/libc.a(strcpy.o)
 .data          0x0000000000800104        0x0 /opt/avr8-gnu-toolchain-linux_x86_64/bin/../lib/gcc/avr/5.4.0/../../../../avr/lib/avr51/libc.a(itoa_ncheck.o)
 .data          0x0000000000800104        0x0 /opt/avr8-gnu-toolchain-linux_x86_64/bin/../lib/gcc/avr/5.4.0/../../../../avr/lib/avr51/libc.a(utoa_ncheck.o)
 .data          0x0000000000800104        0x0 /opt/avr8-gnu-toolchain-linux_x86_64/bin/../lib/gcc/avr/5.4.0/../../../../avr/lib/avr51/libc.a(dtoa_prf.o)
 .data          0x0000000000800104        0x0 /opt/avr8-gnu-toolchain-linux_x86_64/bin/../lib/gcc/avr/5.4.0/../../../../avr/lib/avr51/libc.a(ftoa_engine.o)
 .data          0x0000000000800104        0x0 /opt/avr8-gnu-toolchain-linux_x86_64/bin/../lib/gcc/avr/5.4.0/../../../../avr/lib/avr51/libc.a(strrev.o)
 .data          0x0000000000800104        0x0 /opt/avr8-gnu-toolchain-linux_x86_64/bin/../lib/gcc/avr/5.4.0/../../../../avr/lib/avr51/libatmega128.a(eerd_byte.o)
 .data          0x0000000000800104        0x0 /opt/avr8-gnu-toolchain-linux_x86_64/bin/../lib/gcc/avr/5.4.0/../../../../avr/lib/avr51/libatmega128.a(eerd_word.o)
 .data          0x0000000000800104        0x0 /opt/avr8-gnu-toolchain-linux_x86_64/bin/../lib/gcc/avr/5.4.0/../../../../avr/lib/avr51/libatmega128.a(eewr_byte.o)
 .data          0x0000000000800104        0x0 /opt/avr8-gnu-toolchain-linux_x86_64/bin/../lib/gcc/avr/5.4.0/../../../../avr/lib/avr51/libatmega128.a(eewr_word.o)
 .data          0x0000000000800104        0x0 /opt/avr8-gnu-toolchain-linux_x86_64/bin/../lib/gcc/avr/5.4.0/../../../../avr/lib/avr51/libatmega128.a(eerd_block.o)
 *(.data*)
 *(.gnu.linkonce.d*)
 *(.rodata)
 .rodata        0x0000000000800104       0x11 lab6_code.o
 *(.rodata*)
 .rodata.str1.1
                0x0000000000800115       0x11 lab6_code.o
                                         0x13 (size before relaxing)
 .rodata.str1.1
                0x0000000000800126       0xfd si4734.o
                                        0x10e (size before relaxing)
 *(.gnu.linkonce.r*)
                0x0000000000800224                . = ALIGN (0x2)
 *fill*         0x0000000000800223        0x1 
                0x0000000000800224                _edata = .
                0x0000000000800224                PROVIDE (__data_end, .)

.bss            0x0000000000800224      0x1a0
                0x0000000000800224                PROVIDE (__bss_start, .)
 *(.bss)
 .bss           0x0000000000800224        0x0 /opt/avr8-gnu-toolchain-linux_x86_64/bin/../lib/gcc/avr/5.4.0/../../../../avr/lib/avr51/crtatmega128.o
 .bss           0x0000000000800224       0x36 lab6_code.o
                0x0000000000800224                current_num
 .bss           0x000000000080025a        0x1 hd44780.o
 .bss           0x000000000080025b        0x0 lm73_functions.o
 .bss           0x000000000080025b        0x1 twi_master.o
 .bss           0x000000000080025c        0x0 uart_functions.o
 .bss           0x000000000080025c        0x0 si4734.o
 .bss           0x000000000080025c        0x0 /opt/avr8-gnu-toolchain-linux_x86_64/bin/../lib/gcc/avr/5.4.0/avr51/libgcc.a(_udivmodhi4.o)
 .bss           0x000000000080025c        0x0 /opt/avr8-gnu-toolchain-linux_x86_64/bin/../lib/gcc/avr/5.4.0/avr51/libgcc.a(_divmodhi4.o)
 .bss           0x000000000080025c        0x0 /opt/avr8-gnu-toolchain-linux_x86_64/bin/../lib/gcc/avr/5.4.0/avr51/libgcc.a(_divmodsi4.o)
 .bss           0x000000000080025c        0x0 /opt/avr8-gnu-toolchain-linux_x86_64/bin/../lib/gcc/avr/5.4.0/avr51/libgcc.a(_negsi2.o)
 .bss           0x000000000080025c        0x0 /opt/avr8-gnu-toolchain-linux_x86_64/bin/../lib/gcc/avr/5.4.0/avr51/libgcc.a(_exit.o)
 .bss           0x000000000080025c        0x0 /opt/avr8-gnu-toolchain-linux_x86_64/bin/../lib/gcc/avr/5.4.0/avr51/libgcc.a(_tablejump2.o)
 .bss           0x000000000080025c        0x0 /opt/avr8-gnu-toolchain-linux_x86_64/bin/../lib/gcc/avr/5.4.0/avr51/libgcc.a(_copy_data.o)
 .bss           0x000000000080025c        0x0 /opt/avr8-gnu-toolchain-linux_x86_64/bin/../lib/gcc/avr/5.4.0/avr51/libgcc.a(_clear_bss.o)
 .bss           0x000000000080025c        0x0 /opt/avr8-gnu-toolchain-linux_x86_64/bin/../lib/gcc/avr/5.4.0/avr51/libgcc.a(_umulhisi3.o)
 .bss           0x000000000080025c        0x0 /opt/avr8-gnu-toolchain-linux_x86_64/bin/../lib/gcc/avr/5.4.0/avr51/libgcc.a(_udivmodsi4.o)
 .bss           0x000000000080025c        0x0 /opt/avr8-gnu-toolchain-linux_x86_64/bin/../lib/gcc/avr/5.4.0/../../../../avr/lib/avr51/libm.a(addsf3.o)
 .bss           0x000000000080025c        0x0 /opt/avr8-gnu-toolchain-linux_x86_64/bin/../lib/gcc/avr/5.4.0/../../../../avr/lib/avr51/libm.a(addsf3x.o)
 .bss           0x000000000080025c        0x0 /opt/avr8-gnu-toolchain-linux_x86_64/bin/../lib/gcc/avr/5.4.0/../../../../avr/lib/avr51/libm.a(divsf3.o)
 .bss           0x000000000080025c        0x0 /opt/avr8-gnu-toolchain-linux_x86_64/bin/../lib/gcc/avr/5.4.0/../../../../avr/lib/avr51/libm.a(divsf3x.o)
 .bss           0x000000000080025c        0x0 /opt/avr8-gnu-toolchain-linux_x86_64/bin/../lib/gcc/avr/5.4.0/../../../../avr/lib/avr51/libm.a(floatsisf.o)
 .bss           0x000000000080025c        0x0 /opt/avr8-gnu-toolchain-linux_x86_64/bin/../lib/gcc/avr/5.4.0/../../../../avr/lib/avr51/libm.a(fp_inf.o)
 .bss           0x000000000080025c        0x0 /opt/avr8-gnu-toolchain-linux_x86_64/bin/../lib/gcc/avr/5.4.0/../../../../avr/lib/avr51/libm.a(fp_nan.o)
 .bss           0x000000000080025c        0x0 /opt/avr8-gnu-toolchain-linux_x86_64/bin/../lib/gcc/avr/5.4.0/../../../../avr/lib/avr51/libm.a(fp_pscA.o)
 .bss           0x000000000080025c        0x0 /opt/avr8-gnu-toolchain-linux_x86_64/bin/../lib/gcc/avr/5.4.0/../../../../avr/lib/avr51/libm.a(fp_pscB.o)
 .bss           0x000000000080025c        0x0 /opt/avr8-gnu-toolchain-linux_x86_64/bin/../lib/gcc/avr/5.4.0/../../../../avr/lib/avr51/libm.a(fp_round.o)
 .bss           0x000000000080025c        0x0 /opt/avr8-gnu-toolchain-linux_x86_64/bin/../lib/gcc/avr/5.4.0/../../../../avr/lib/avr51/libm.a(fp_split3.o)
 .bss           0x000000000080025c        0x0 /opt/avr8-gnu-toolchain-linux_x86_64/bin/../lib/gcc/avr/5.4.0/../../../../avr/lib/avr51/libm.a(fp_zero.o)
 .bss           0x000000000080025c        0x0 /opt/avr8-gnu-toolchain-linux_x86_64/bin/../lib/gcc/avr/5.4.0/../../../../avr/lib/avr51/libm.a(mulsf3.o)
 .bss           0x000000000080025c        0x0 /opt/avr8-gnu-toolchain-linux_x86_64/bin/../lib/gcc/avr/5.4.0/../../../../avr/lib/avr51/libm.a(mulsf3x.o)
 .bss           0x000000000080025c        0x0 /opt/avr8-gnu-toolchain-linux_x86_64/bin/../lib/gcc/avr/5.4.0/../../../../avr/lib/avr51/libc.a(dtostrf.o)
 .bss           0x000000000080025c        0x0 /opt/avr8-gnu-toolchain-linux_x86_64/bin/../lib/gcc/avr/5.4.0/../../../../avr/lib/avr51/libc.a(strcpy.o)
 .bss           0x000000000080025c        0x0 /opt/avr8-gnu-toolchain-linux_x86_64/bin/../lib/gcc/avr/5.4.0/../../../../avr/lib/avr51/libc.a(itoa_ncheck.o)
 .bss           0x000000000080025c        0x0 /opt/avr8-gnu-toolchain-linux_x86_64/bin/../lib/gcc/avr/5.4.0/../../../../avr/lib/avr51/libc.a(utoa_ncheck.o)
 .bss           0x000000000080025c        0x0 /opt/avr8-gnu-toolchain-linux_x86_64/bin/../lib/gcc/avr/5.4.0/../../../../avr/lib/avr51/libc.a(dtoa_prf.o)
 .bss           0x000000000080025c        0x0 /opt/avr8-gnu-toolchain-linux_x86_64/bin/../lib/gcc/avr/5.4.0/../../../../avr/lib/avr51/libc.a(ftoa_engine.o)
 .bss           0x000000000080025c        0x0 /opt/avr8-gnu-toolchain-linux_x86_64/bin/../lib/gcc/avr/5.4.0/../../../../avr/lib/avr51/libc.a(strrev.o)
 .bss           0x000000000080025c        0x0 /opt/avr8-gnu-toolchain-linux_x86_64/bin/../lib/gcc/avr/5.4.0/../../../../avr/lib/avr51/libatmega128.a(eerd_byte.o)
 .bss           0x000000000080025c        0x0 /opt/avr8-gnu-toolchain-linux_x86_64/bin/../lib/gcc/avr/5.4.0/../../../../avr/lib/avr51/libatmega128.a(eerd_word.o)
 .bss           0x000000000080025c        0x0 /opt/avr8-gnu-toolchain-linux_x86_64/bin/../lib/gcc/avr/5.4.0/../../../../avr/lib/avr51/libatmega128.a(eewr_byte.o)
 .bss           0x000000000080025c        0x0 /opt/avr8-gnu-toolchain-linux_x86_64/bin/../lib/gcc/avr/5.4.0/../../../../avr/lib/avr51/libatmega128.a(eewr_word.o)
 .bss           0x000000000080025c        0x0 /opt/avr8-gnu-toolchain-linux_x86_64/bin/../lib/gcc/avr/5.4.0/../../../../avr/lib/avr51/libatmega128.a(eerd_block.o)
 *(.bss*)
 *(COMMON)
 COMMON         0x000000000080025c       0x5e lab6_code.o
                0x000000000080025c                rcv_rdy
                0x000000000080025d                lcd_string_array_C
                0x000000000080026d                decoder
                0x0000000000800275                dec_to_7seg
                0x0000000000800281                adc_result
                0x0000000000800283                lcd_string_array_F
                0x0000000000800293                i
                0x0000000000800294                lcd_whole_string_array
                0x00000000008002b4                rx_char
                0x00000000008002b5                segment_data
 COMMON         0x00000000008002ba       0x30 hd44780.o
                0x00000000008002ba                lcd_string_array
                0x00000000008002da                lcd_str
 COMMON         0x00000000008002ea        0x4 lm73_functions.o
                0x00000000008002ea                lm73_wr_buf
                0x00000000008002ec                lm73_rd_buf
 COMMON         0x00000000008002ee        0x5 twi_master.o
                0x00000000008002ee                twi_state
                0x00000000008002ef                twi_buf
                0x00000000008002f1                twi_bus_addr
                0x00000000008002f2                twi_msg_size
 COMMON         0x00000000008002f3       0xa0 uart_functions.o
                0x00000000008002f3                uart_tx_buf
                0x000000000080031b                uart1_tx_buf
                0x0000000000800343                uart1_rx_buf
                0x000000000080036b                uart_rx_buf
 COMMON         0x0000000000800393       0x31 si4734.o
                0x0000000000800393                si4734_wr_buf
                0x000000000080039c                si4734_tune_status_buf
                0x00000000008003a4                si4734_revision_buf
                0x00000000008003b4                STC_interrupt
                0x00000000008003b5                si4734_rd_buf
                0x00000000008003c4                PROVIDE (__bss_end, .)
                0x00000000000029d2                __data_load_start = LOADADDR (.data)
                0x0000000000002af6                __data_load_end = (__data_load_start + SIZEOF (.data))

.noinit         0x00000000008003c4        0x0
                [!provide]                        PROVIDE (__noinit_start, .)
 *(.noinit*)
                [!provide]                        PROVIDE (__noinit_end, .)
                0x00000000008003c4                _end = .
                [!provide]                        PROVIDE (__heap_start, .)

.eeprom         0x0000000000810000        0x0
 *(.eeprom*)
                0x0000000000810000                __eeprom_end = .

.fuse
 *(.fuse)
 *(.lfuse)
 *(.hfuse)
 *(.efuse)

.lock
 *(.lock*)

.signature
 *(.signature*)

.user_signatures
 *(.user_signatures*)

.stab
 *(.stab)

.stabstr
 *(.stabstr)

.stab.excl
 *(.stab.excl)

.stab.exclstr
 *(.stab.exclstr)

.stab.index
 *(.stab.index)

.stab.indexstr
 *(.stab.indexstr)

.comment        0x0000000000000000       0x5c
 *(.comment)
 .comment       0x0000000000000000       0x30 lab6_code.o
                                         0x31 (size before relaxing)
 .comment       0x0000000000000030       0x31 hd44780.o
 .comment       0x0000000000000030       0x31 lm73_functions.o
 .comment       0x0000000000000030       0x31 twi_master.o
 .comment       0x0000000000000030       0x31 uart_functions.o
 .comment       0x0000000000000030       0x31 si4734.o
 .comment       0x0000000000000030       0x2c /opt/avr8-gnu-toolchain-linux_x86_64/bin/../lib/gcc/avr/5.4.0/../../../../avr/lib/avr51/libc.a(dtostrf.o)
                                         0x2d (size before relaxing)
 .comment       0x000000000000005c       0x2d /opt/avr8-gnu-toolchain-linux_x86_64/bin/../lib/gcc/avr/5.4.0/../../../../avr/lib/avr51/libc.a(dtoa_prf.o)

.note.gnu.avr.deviceinfo
                0x0000000000000000       0x3c
 .note.gnu.avr.deviceinfo
                0x0000000000000000       0x3c /opt/avr8-gnu-toolchain-linux_x86_64/bin/../lib/gcc/avr/5.4.0/../../../../avr/lib/avr51/crtatmega128.o

.note.gnu.build-id
 *(.note.gnu.build-id)

.debug
 *(.debug)

.line
 *(.line)

.debug_srcinfo
 *(.debug_srcinfo)

.debug_sfnames
 *(.debug_sfnames)

.debug_aranges  0x0000000000000000       0xc8
 *(.debug_aranges)
 .debug_aranges
                0x0000000000000000       0x28 lab6_code.o
 .debug_aranges
                0x0000000000000028       0x20 hd44780.o
 .debug_aranges
                0x0000000000000048       0x20 lm73_functions.o
 .debug_aranges
                0x0000000000000068       0x20 twi_master.o
 .debug_aranges
                0x0000000000000088       0x20 uart_functions.o
 .debug_aranges
                0x00000000000000a8       0x20 si4734.o

.debug_pubnames
 *(.debug_pubnames)

.debug_info     0x0000000000000000     0x3cc3
 *(.debug_info .gnu.linkonce.wi.*)
 .debug_info    0x0000000000000000      0x780 /opt/avr8-gnu-toolchain-linux_x86_64/bin/../lib/gcc/avr/5.4.0/../../../../avr/lib/avr51/crtatmega128.o
 .debug_info    0x0000000000000780      0xc36 lab6_code.o
 .debug_info    0x00000000000013b6     0x1217 hd44780.o
 .debug_info    0x00000000000025cd      0x11c lm73_functions.o
 .debug_info    0x00000000000026e9      0x1de twi_master.o
 .debug_info    0x00000000000028c7      0x316 uart_functions.o
 .debug_info    0x0000000000002bdd     0x10e6 si4734.o

.debug_abbrev   0x0000000000000000     0x1368
 *(.debug_abbrev)
 .debug_abbrev  0x0000000000000000      0x718 /opt/avr8-gnu-toolchain-linux_x86_64/bin/../lib/gcc/avr/5.4.0/../../../../avr/lib/avr51/crtatmega128.o
 .debug_abbrev  0x0000000000000718      0x381 lab6_code.o
 .debug_abbrev  0x0000000000000a99      0x2fc hd44780.o
 .debug_abbrev  0x0000000000000d95       0xa6 lm73_functions.o
 .debug_abbrev  0x0000000000000e3b      0x101 twi_master.o
 .debug_abbrev  0x0000000000000f3c      0x16f uart_functions.o
 .debug_abbrev  0x00000000000010ab      0x2bd si4734.o

.debug_line     0x0000000000000000     0x1cac
 *(.debug_line .debug_line.* .debug_line_end)
 .debug_line    0x0000000000000000       0x1a /opt/avr8-gnu-toolchain-linux_x86_64/bin/../lib/gcc/avr/5.4.0/../../../../avr/lib/avr51/crtatmega128.o
 .debug_line    0x000000000000001a      0xa7c lab6_code.o
 .debug_line    0x0000000000000a96      0x8d0 hd44780.o
 .debug_line    0x0000000000001366       0x81 lm73_functions.o
 .debug_line    0x00000000000013e7      0x18f twi_master.o
 .debug_line    0x0000000000001576      0x1c9 uart_functions.o
 .debug_line    0x000000000000173f      0x56d si4734.o

.debug_frame    0x0000000000000000      0x6c8
 *(.debug_frame)
 .debug_frame   0x0000000000000000      0x234 lab6_code.o
 .debug_frame   0x0000000000000234      0x210 hd44780.o
 .debug_frame   0x0000000000000444       0x24 lm73_functions.o
 .debug_frame   0x0000000000000468       0x98 twi_master.o
 .debug_frame   0x0000000000000500       0xa4 uart_functions.o
 .debug_frame   0x00000000000005a4      0x124 si4734.o

.debug_str      0x0000000000000000      0xba3
 *(.debug_str)
 .debug_str     0x0000000000000000      0x27d /opt/avr8-gnu-toolchain-linux_x86_64/bin/../lib/gcc/avr/5.4.0/../../../../avr/lib/avr51/crtatmega128.o
 .debug_str     0x000000000000027d      0x471 lab6_code.o
                                        0x4e6 (size before relaxing)
 .debug_str     0x00000000000006ee      0x13a hd44780.o
                                        0x305 (size before relaxing)
 .debug_str     0x0000000000000828       0x37 lm73_functions.o
                                        0x154 (size before relaxing)
 .debug_str     0x000000000000085f       0x75 twi_master.o
                                        0x185 (size before relaxing)
 .debug_str     0x00000000000008d4       0xa1 uart_functions.o
                                        0x1bb (size before relaxing)
 .debug_str     0x0000000000000975      0x22e si4734.o
                                        0x3e5 (size before relaxing)

.debug_loc      0x0000000000000000     0x2650
 *(.debug_loc)
 .debug_loc     0x0000000000000000      0x846 lab6_code.o
 .debug_loc     0x0000000000000846     0x1528 hd44780.o
 .debug_loc     0x0000000000001d6e       0x26 lm73_functions.o
 .debug_loc     0x0000000000001d94       0xd9 twi_master.o
 .debug_loc     0x0000000000001e6d      0x20b uart_functions.o
 .debug_loc     0x0000000000002078      0x5d8 si4734.o

.debug_macinfo
 *(.debug_macinfo)

.debug_weaknames
 *(.debug_weaknames)

.debug_funcnames
 *(.debug_funcnames)

.debug_typenames
 *(.debug_typenames)

.debug_varnames
 *(.debug_varnames)

.debug_pubtypes
 *(.debug_pubtypes)

.debug_ranges   0x0000000000000000       0xf0
 *(.debug_ranges)
 .debug_ranges  0x0000000000000000       0x48 lab6_code.o
 .debug_ranges  0x0000000000000048       0x80 hd44780.o
 .debug_ranges  0x00000000000000c8       0x10 lm73_functions.o
 .debug_ranges  0x00000000000000d8       0x18 uart_functions.o

.debug_macro
 *(.debug_macro)
OUTPUT(lab6_code.elf elf32-avr)
LOAD linker stubs
